Start time: 20:10:02 on Jul 03,2026
qverilog -v Lock_system.v comp.v counter.v tb.v 
-- Compiling module comp
-- Compiling module counter
-- Compiling module lock_system_tb
-- Scanning library file 'Lock_system.v'
-- Compiling module lock_system

Top level modules:
	lock_system_tb
# vsim -lib work work.lock_system_tb -c -do "run -all; quit -f" -appendlog -l qverilog.log -vopt 
# ** Note: (vsim-3812) Design is being optimized...
# //  Questa Sim-64
# //  Version 10.7c win64 Aug 18 2018
# //
# //  Copyright 1991-2018 Mentor Graphics Corporation
# //  All Rights Reserved.
# //
# //  QuestaSim and its associated documentation contain trade
# //  secrets and commercial or financial information that are the property of
# //  Mentor Graphics Corporation and are privileged, confidential,
# //  and exempt from disclosure under the Freedom of Information Act,
# //  5 U.S.C. Section 552. Furthermore, this information
# //  is prohibited from disclosure under the Trade Secrets Act,
# //  18 U.S.C. Section 1905.
# //
# Loading work.lock_system_tb(fast)
# run -all
# Time=0 | rst=1 | set_p=10101010 | en_p=00000000 | y=0 | count=x | fail_t=x
# Time=5000 | rst=1 | set_p=10101010 | en_p=00000000 | y=0 | count=0 | fail_t=0
# Time=15000 | rst=0 | set_p=10101010 | en_p=00000000 | y=0 | count=1 | fail_t=0
# Time=25000 | rst=0 | set_p=10101010 | en_p=11110000 | y=0 | count=2 | fail_t=0
# Time=35000 | rst=0 | set_p=10101010 | en_p=11110000 | y=0 | count=3 | fail_t=1
# Time=45000 | rst=0 | set_p=10101010 | en_p=10101010 | y=1 | count=0 | fail_t=0
# Time=65000 | rst=0 | set_p=10101010 | en_p=00001111 | y=0 | count=0 | fail_t=0
# Time=75000 | rst=0 | set_p=10101010 | en_p=00001111 | y=0 | count=1 | fail_t=0
# Time=85000 | rst=0 | set_p=10101010 | en_p=10101010 | y=1 | count=2 | fail_t=0
# Time=95000 | rst=0 | set_p=10101010 | en_p=10101010 | y=1 | count=0 | fail_t=0
# Time=125000 | rst=1 | set_p=10101010 | en_p=10101010 | y=0 | count=0 | fail_t=0
# Time=135000 | rst=0 | set_p=10101010 | en_p=10101010 | y=1 | count=1 | fail_t=0
# Time=145000 | rst=0 | set_p=10101010 | en_p=10101010 | y=1 | count=0 | fail_t=0
# ** Note: $finish    : tb.v(81)
#    Time: 155 ns  Iteration: 0  Instance: /lock_system_tb
# End time: 20:10:04 on Jul 03,2026, Elapsed time: 0:00:02
# Errors: 0, Warnings: 0
