Start time: 20:32:09 on Jul 04,2026
qverilog -sv dmux.v mux.v simple_basic_msg_transfor.v tb.sv 
-- Compiling module dmux
-- Compiling module mux
** Warning: ** while parsing file included at simple_basic_msg_transfor.v(21)
** at mux.v(23): (qverilog-2275) 'mux' already exists and will be overwritten.
-- Compiling module mux
** Warning: ** while parsing file included at simple_basic_msg_transfor.v(22)
** at dmux.v(1): (qverilog-2275) 'dmux' already exists and will be overwritten.
-- Compiling module dmux
-- Compiling module simple_basic_msg_transfor
-- Compiling interface msg_if
-- Compiling package tb_sv_unit
-- Compiling module tb

Top level modules:
	tb
# vsim -lib work work.tb_sv_unit work.tb -c -do "run -all; quit -f" -appendlog -l qverilog.log -vopt 
# ** Note: (vsim-3813) Design is being optimized due to module recompilation...
# //  Questa Sim-64
# //  Version 10.7c win64 Aug 18 2018
# //
# //  Copyright 1991-2018 Mentor Graphics Corporation
# //  All Rights Reserved.
# //
# //  QuestaSim and its associated documentation contain trade
# //  secrets and commercial or financial information that are the property of
# //  Mentor Graphics Corporation and are privileged, confidential,
# //  and exempt from disclosure under the Freedom of Information Act,
# //  5 U.S.C. Section 552. Furthermore, this information
# //  is prohibited from disclosure under the Trade Secrets Act,
# //  18 U.S.C. Section 1905.
# //
# Loading sv_std.std
# Loading work.tb_sv_unit(fast)
# Loading work.tb(fast)
# Loading work.msg_if(fast)
# run -all
# --------------------------------
# send_data   = 1010
# sender_id   = 3
# receiver_id = 3
# --------------------------------
# receive_data=X
# --------------------------------
# send_data   = 0100
# sender_id   = 0
# receiver_id = 1
# --------------------------------
# receive_data=X
# --------------------------------
# send_data   = 0011
# sender_id   = 2
# receiver_id = 1
# --------------------------------
# receive_data=X
# --------------------------------
# send_data   = 1111
# sender_id   = 3
# receiver_id = 1
# --------------------------------
# receive_data=X
# --------------------------------
# send_data   = 0010
# sender_id   = 3
# receiver_id = 2
# --------------------------------
# receive_data=X
# --------------------------------
# send_data   = 0010
# sender_id   = 3
# receiver_id = 0
# --------------------------------
# receive_data=10
# --------------------------------
# send_data   = 1100
# sender_id   = 0
# receiver_id = 3
# --------------------------------
# receive_data=2
# --------------------------------
# send_data   = 0110
# sender_id   = 1
# receiver_id = 3
# --------------------------------
# receive_data=10
# --------------------------------
# send_data   = 0101
# sender_id   = 0
# receiver_id = 1
# --------------------------------
# receive_data=10
# --------------------------------
# send_data   = 0111
# sender_id   = 0
# receiver_id = 2
# --------------------------------
# receive_data=14
# ** Note: $finish    : tb.sv(52)
#    Time: 200 ns  Iteration: 0  Instance: /tb
# End time: 20:32:12 on Jul 04,2026, Elapsed time: 0:00:03
# Errors: 0, Warnings: 2
